// Jest Snapshot v1, https://goo.gl/fbAQLP

exports[`CreatorControls Component renders the UI as expected 1`] = `
Array [
  <div
    className="aside-controls"
    id="edit-form"
  >
    <div
      className="form-heading"
    >
      <svg
        aria-hidden="true"
        className="svg-inline--fa fa-window-close fa-w-16 close-btn"
        data-icon="window-close"
        data-prefix="fas"
        focusable="false"
        onClick={[Function]}
        role="img"
        style={
          Object {
            "cursor": "pointer",
            "fontSize": "1.7rem",
            "margin": ".5rem",
            "position": "absolute",
          }
        }
        viewBox="0 0 512 512"
        xmlns="http://www.w3.org/2000/svg"
      >
        <path
          d="M464 32H48C21.5 32 0 53.5 0 80v352c0 26.5 21.5 48 48 48h416c26.5 0 48-21.5 48-48V80c0-26.5-21.5-48-48-48zm-83.6 290.5c4.8 4.8 4.8 12.6 0 17.4l-40.5 40.5c-4.8 4.8-12.6 4.8-17.4 0L256 313.3l-66.5 67.1c-4.8 4.8-12.6 4.8-17.4 0l-40.5-40.5c-4.8-4.8-4.8-12.6 0-17.4l67.1-66.5-67.1-66.5c-4.8-4.8-4.8-12.6 0-17.4l40.5-40.5c4.8-4.8 12.6-4.8 17.4 0l66.5 67.1 66.5-67.1c4.8-4.8 12.6-4.8 17.4 0l40.5 40.5c4.8 4.8 4.8 12.6 0 17.4L313.3 256l67.1 66.5z"
          fill="currentColor"
          style={Object {}}
        />
      </svg>
      <h3
        className="controls-header"
      >
        Create Preview
      </h3>
    </div>
    <form
      className="controls-form"
      onSubmit={[Function]}
    >
      <label
        className="control-label"
        htmlFor="creator-title"
      >
        Title:
      </label>
      <p
        className="error-msg"
      />
      <input
        className="creator-input"
        id="creator-title"
        name="title"
        onChange={[Function]}
        type="text"
        value=""
      />
      <p
        className="error-msg"
      />
      <input
        id="upload-file-btn"
        onChange={[Function]}
        type="file"
      />
      <label
        htmlFor="upload-file-btn"
      >
        Upload Thumbnail
      </label>
      <label
        className="control-label"
        htmlFor="creator-description"
      >
        Description:
      </label>
      <p
        className="error-msg"
      />
      <textarea
        className="creator-input"
        id="creator-description"
        name="description"
        onChange={[Function]}
        value=""
      />
      <button
        className="save-preview-btn"
        disabled={true}
        type="submit"
      >
        Login to save
      </button>
    </form>
  </div>,
  <svg
    aria-hidden="true"
    className="svg-inline--fa fa-edit fa-w-18 edit-menu-btn"
    data-icon="edit"
    data-prefix="fas"
    focusable="false"
    id="edit-btn"
    onClick={[Function]}
    role="img"
    style={
      Object {
        "cursor": "pointer",
        "fontSize": "1.7rem",
        "margin": ".5rem",
        "position": "absolute",
      }
    }
    viewBox="0 0 576 512"
    xmlns="http://www.w3.org/2000/svg"
  >
    <path
      d="M402.6 83.2l90.2 90.2c3.8 3.8 3.8 10 0 13.8L274.4 405.6l-92.8 10.3c-12.4 1.4-22.9-9.1-21.5-21.5l10.3-92.8L388.8 83.2c3.8-3.8 10-3.8 13.8 0zm162-22.9l-48.8-48.8c-15.2-15.2-39.9-15.2-55.2 0l-35.4 35.4c-3.8 3.8-3.8 10 0 13.8l90.2 90.2c3.8 3.8 10 3.8 13.8 0l35.4-35.4c15.2-15.3 15.2-40 0-55.2zM384 346.2V448H64V128h229.8c3.2 0 6.2-1.3 8.5-3.5l40-40c7.6-7.6 2.2-20.5-8.5-20.5H48C21.5 64 0 85.5 0 112v352c0 26.5 21.5 48 48 48h352c26.5 0 48-21.5 48-48V306.2c0-10.7-12.9-16-20.5-8.5l-40 40c-2.2 2.3-3.5 5.3-3.5 8.5z"
      fill="currentColor"
      style={Object {}}
    />
  </svg>,
]
`;
