// Jest Snapshot v1, https://goo.gl/fbAQLP

exports[`PreviewControls Component renders the UI as expected 1`] = `
<div
  className="preview-controls-container"
>
  <h2
    className="preview-title"
  >
    Previews
  </h2>
  <div
    className="preview-tiles"
    id="hScroll"
    onMouseEnter={[Function]}
    onMouseLeave={[Function]}
    onWheel={[Function]}
  />
</div>
`;
